register tokenizers/friso
[[0,0.0,0.0],true]
tokenize TokenFriso "我妈妈"
[
  [
    0,
    0.0,
    0.0
  ],
  [
    {
      "value": "我",
      "position": 0,
      "force_prefix": false,
      "force_prefix_search": false
    },
    {
      "value": "妈妈",
      "position": 1,
      "force_prefix": false,
      "force_prefix_search": false
    }
  ]
]
